2026-05-26 08:36:18,903 [INFO] ======================================================================
2026-05-26 08:36:18,904 [INFO] MICS DDML: MAIN ANALYSIS
2026-05-26 08:36:18,904 [INFO] Learners: ['ols', 'lasso', 'ridge', 'enet', 'rf', 'xgb', 'stacked']
2026-05-26 08:36:18,904 [INFO] ======================================================================
2026-05-26 08:36:18,904 [INFO] --- Loading HH dataset (E.coli outcomes) ---
2026-05-26 08:36:24,440 [INFO] ============================================================
Dataset: HH | N = 59,620
============================================================
  n_total: 59620
  some_risk_home_mean: 0.7368332774236833
  some_risk_home_n: 59620
  very_high_risk_home_mean: 0.3077490774907749
  very_high_risk_home_n: 59620
  any_treatment_mean: 0.21249580677624957
  any_treatment_n: 59620
  boil_mean: 0.1007380073800738
  chlorine_mean: 0.021737671922173768
  filter_mean: 0.05117410265011741
  other_mean: 0.0388460248238846
  risk_source_no_risk_n: 25511
  risk_source_moderate_n: 21841
  risk_source_very_high_n: 12268
============================================================
2026-05-26 08:36:24,445 [INFO] --- Loading U5 dataset (diarrhea outcome) ---
2026-05-26 08:36:27,471 [INFO] ============================================================
Dataset: U5 | N = 36,121
============================================================
  n_total: 36121
  some_risk_home_mean: 0.8096951911630353
  some_risk_home_n: 36121
  very_high_risk_home_mean: 0.3761246920074195
  very_high_risk_home_n: 36121
  diarrhea_mean: 0.1392818581988317
  diarrhea_n: 36121
  any_treatment_mean: 0.19445751778743667
  any_treatment_n: 36121
  boil_mean: 0.07602225851997453
  chlorine_mean: 0.02040364330998588
  filter_mean: 0.07178649539049306
  other_mean: 0.026245120566983197
  risk_source_no_risk_n: 12629
  risk_source_moderate_n: 13893
  risk_source_very_high_n: 9599
============================================================
2026-05-26 08:36:27,472 [INFO]   Learners (regressor): ['ols', 'lasso', 'ridge', 'enet', 'rf', 'xgb', 'stacked']
2026-05-26 08:36:27,473 [INFO] ======================================================================
2026-05-26 08:36:27,473 [INFO] ANALYSIS 1: HH Dataset — Any Treatment on E.coli Outcomes
2026-05-26 08:36:27,473 [INFO] ======================================================================
2026-05-26 08:36:27,872 [INFO] Some Risk Home | Any Treatment | ols
2026-05-26 08:36:27,887 [INFO]     Loaded checkpoint: hh_any_HH_SomeRiskHome_water_treatment_ols.pkl
2026-05-26 08:36:27,887 [INFO]     Effect: -0.0527 (0.0042) ***
2026-05-26 08:36:27,887 [INFO] Some Risk Home | Any Treatment | lasso
2026-05-26 08:36:27,899 [INFO]     Loaded checkpoint: hh_any_HH_SomeRiskHome_water_treatment_lasso.pkl
2026-05-26 08:36:27,899 [INFO]     Effect: -0.0592 (0.0043) ***
2026-05-26 08:36:27,899 [INFO] Some Risk Home | Any Treatment | ridge
2026-05-26 08:36:27,910 [INFO]     Loaded checkpoint: hh_any_HH_SomeRiskHome_water_treatment_ridge.pkl
2026-05-26 08:36:27,910 [INFO]     Effect: -0.0529 (0.0042) ***
2026-05-26 08:36:27,910 [INFO] Some Risk Home | Any Treatment | enet
2026-05-26 08:36:27,921 [INFO]     Loaded checkpoint: hh_any_HH_SomeRiskHome_water_treatment_enet.pkl
2026-05-26 08:36:27,921 [INFO]     Effect: -0.0575 (0.0042) ***
2026-05-26 08:36:27,921 [INFO] Some Risk Home | Any Treatment | rf
2026-05-26 08:36:27,934 [INFO]     Loaded checkpoint: hh_any_HH_SomeRiskHome_water_treatment_rf.pkl
2026-05-26 08:36:27,935 [INFO]     Effect: -0.0590 (0.0054) ***
2026-05-26 08:36:27,935 [INFO] Some Risk Home | Any Treatment | xgb
2026-05-26 08:36:27,946 [INFO]     Loaded checkpoint: hh_any_HH_SomeRiskHome_water_treatment_xgb.pkl
2026-05-26 08:36:27,947 [INFO]     Effect: -0.0601 (0.0067) ***
2026-05-26 08:36:27,947 [INFO] Some Risk Home | Any Treatment | stacked
2026-05-26 08:36:27,958 [INFO]     Loaded checkpoint: hh_any_HH_SomeRiskHome_water_treatment_stacked.pkl
2026-05-26 08:36:27,959 [INFO]     Effect: -0.0684 (0.0056) ***
2026-05-26 08:36:28,387 [INFO] Very High Risk Home | Any Treatment | ols
2026-05-26 08:36:28,400 [INFO]     Loaded checkpoint: hh_any_HH_VeryHighRiskHome_water_treatment_ols.pkl
2026-05-26 08:36:28,401 [INFO]     Effect: -0.0378 (0.0045) ***
2026-05-26 08:36:28,401 [INFO] Very High Risk Home | Any Treatment | lasso
2026-05-26 08:36:28,413 [INFO]     Loaded checkpoint: hh_any_HH_VeryHighRiskHome_water_treatment_lasso.pkl
2026-05-26 08:36:28,413 [INFO]     Effect: -0.0436 (0.0042) ***
2026-05-26 08:36:28,413 [INFO] Very High Risk Home | Any Treatment | ridge
2026-05-26 08:36:28,423 [INFO]     Loaded checkpoint: hh_any_HH_VeryHighRiskHome_water_treatment_ridge.pkl
2026-05-26 08:36:28,423 [INFO]     Effect: -0.0376 (0.0045) ***
2026-05-26 08:36:28,424 [INFO] Very High Risk Home | Any Treatment | enet
2026-05-26 08:36:28,437 [INFO]     Loaded checkpoint: hh_any_HH_VeryHighRiskHome_water_treatment_enet.pkl
2026-05-26 08:36:28,437 [INFO]     Effect: -0.0425 (0.0045) ***
2026-05-26 08:36:28,437 [INFO] Very High Risk Home | Any Treatment | rf
2026-05-26 08:36:28,449 [INFO]     Loaded checkpoint: hh_any_HH_VeryHighRiskHome_water_treatment_rf.pkl
2026-05-26 08:36:28,449 [INFO]     Effect: -0.0458 (0.0063) ***
2026-05-26 08:36:28,449 [INFO] Very High Risk Home | Any Treatment | xgb
2026-05-26 08:36:28,461 [INFO]     Loaded checkpoint: hh_any_HH_VeryHighRiskHome_water_treatment_xgb.pkl
2026-05-26 08:36:28,462 [INFO]     Effect: -0.0461 (0.0077) ***
2026-05-26 08:36:28,462 [INFO] Very High Risk Home | Any Treatment | stacked
2026-05-26 08:36:28,472 [INFO]     Loaded checkpoint: hh_any_HH_VeryHighRiskHome_water_treatment_stacked.pkl
2026-05-26 08:36:28,473 [INFO]     Effect: -0.0548 (0.0050) ***
2026-05-26 08:36:28,509 [INFO] ======================================================================
2026-05-26 08:36:28,509 [INFO] ANALYSIS 2: U5 Dataset — Any Treatment on Diarrhea
2026-05-26 08:36:28,510 [INFO] ======================================================================
2026-05-26 08:36:28,738 [INFO] Diarrhea | Any Treatment | ols
2026-05-26 08:37:49,965 [INFO] ======================================================================
2026-05-26 08:37:49,966 [INFO] MICS DDML: MAIN ANALYSIS
2026-05-26 08:37:49,966 [INFO] Learners: ['ols', 'lasso', 'ridge', 'enet', 'rf', 'xgb', 'stacked']
2026-05-26 08:37:49,966 [INFO] ======================================================================
2026-05-26 08:37:49,966 [INFO] --- Loading HH dataset (E.coli outcomes) ---
2026-05-26 08:37:53,342 [INFO] ============================================================
Dataset: HH | N = 59,620
============================================================
  n_total: 59620
  some_risk_home_mean: 0.7368332774236833
  some_risk_home_n: 59620
  very_high_risk_home_mean: 0.3077490774907749
  very_high_risk_home_n: 59620
  any_treatment_mean: 0.21249580677624957
  any_treatment_n: 59620
  boil_mean: 0.1007380073800738
  chlorine_mean: 0.021737671922173768
  filter_mean: 0.05117410265011741
  other_mean: 0.0388460248238846
  risk_source_no_risk_n: 25511
  risk_source_moderate_n: 21841
  risk_source_very_high_n: 12268
============================================================
2026-05-26 08:37:53,342 [INFO] --- Loading U5 dataset (diarrhea outcome) ---
2026-05-26 08:37:55,482 [INFO] ============================================================
Dataset: U5 | N = 36,121
============================================================
  n_total: 36121
  some_risk_home_mean: 0.8096951911630353
  some_risk_home_n: 36121
  very_high_risk_home_mean: 0.3761246920074195
  very_high_risk_home_n: 36121
  diarrhea_mean: 0.1392818581988317
  diarrhea_n: 36121
  any_treatment_mean: 0.19445751778743667
  any_treatment_n: 36121
  boil_mean: 0.07602225851997453
  chlorine_mean: 0.02040364330998588
  filter_mean: 0.07178649539049306
  other_mean: 0.026245120566983197
  risk_source_no_risk_n: 12629
  risk_source_moderate_n: 13893
  risk_source_very_high_n: 9599
============================================================
2026-05-26 08:37:55,483 [INFO]   Learners (regressor): ['ols', 'lasso', 'ridge', 'enet', 'rf', 'xgb', 'stacked']
2026-05-26 08:37:55,483 [INFO] ======================================================================
2026-05-26 08:37:55,483 [INFO] ANALYSIS 1: HH Dataset — Any Treatment on E.coli Outcomes
2026-05-26 08:37:55,483 [INFO] ======================================================================
2026-05-26 08:37:55,806 [INFO] Some Risk Home | Any Treatment | ols
2026-05-26 08:39:25,388 [INFO]     Saved checkpoint: hh_any_HH_SomeRiskHome_water_treatment_ols.pkl
2026-05-26 08:39:25,394 [INFO]     Effect: -0.0526 (0.0042) ***
2026-05-26 08:39:25,395 [INFO] Some Risk Home | Any Treatment | lasso
2026-05-26 08:42:09,657 [INFO]     Saved checkpoint: hh_any_HH_SomeRiskHome_water_treatment_lasso.pkl
2026-05-26 08:42:09,662 [INFO]     Effect: -0.0591 (0.0043) ***
2026-05-26 08:42:09,662 [INFO] Some Risk Home | Any Treatment | ridge
2026-05-26 08:43:38,808 [INFO]     Saved checkpoint: hh_any_HH_SomeRiskHome_water_treatment_ridge.pkl
2026-05-26 08:43:38,838 [INFO]     Effect: -0.0525 (0.0042) ***
2026-05-26 08:43:38,838 [INFO] Some Risk Home | Any Treatment | enet
2026-05-26 08:46:12,031 [INFO]     Saved checkpoint: hh_any_HH_SomeRiskHome_water_treatment_enet.pkl
2026-05-26 08:46:12,036 [INFO]     Effect: -0.0581 (0.0048) ***
2026-05-26 08:46:12,036 [INFO] Some Risk Home | Any Treatment | rf
2026-05-26 08:47:48,443 [INFO]     Saved checkpoint: hh_any_HH_SomeRiskHome_water_treatment_rf.pkl
2026-05-26 08:47:48,447 [INFO]     Effect: -0.0593 (0.0055) ***
2026-05-26 08:47:48,448 [INFO] Some Risk Home | Any Treatment | xgb
2026-05-26 08:48:53,079 [INFO]     Saved checkpoint: hh_any_HH_SomeRiskHome_water_treatment_xgb.pkl
2026-05-26 08:48:53,099 [INFO]     Effect: -0.0564 (0.0074) ***
2026-05-26 08:48:53,110 [INFO] Some Risk Home | Any Treatment | stacked
2026-05-26 08:59:05,468 [INFO]     Saved checkpoint: hh_any_HH_SomeRiskHome_water_treatment_stacked.pkl
2026-05-26 08:59:05,472 [INFO]     Effect: -0.0655 (0.0059) ***
2026-05-26 08:59:06,271 [INFO] Very High Risk Home | Any Treatment | ols
2026-05-26 09:00:38,518 [INFO]     Saved checkpoint: hh_any_HH_VeryHighRiskHome_water_treatment_ols.pkl
2026-05-26 09:00:38,522 [INFO]     Effect: -0.0381 (0.0045) ***
2026-05-26 09:00:38,522 [INFO] Very High Risk Home | Any Treatment | lasso
2026-05-26 09:04:57,711 [INFO]     Saved checkpoint: hh_any_HH_VeryHighRiskHome_water_treatment_lasso.pkl
2026-05-26 09:04:57,744 [INFO]     Effect: -0.0437 (0.0042) ***
2026-05-26 09:04:57,744 [INFO] Very High Risk Home | Any Treatment | ridge
2026-05-26 09:06:55,064 [INFO]     Saved checkpoint: hh_any_HH_VeryHighRiskHome_water_treatment_ridge.pkl
2026-05-26 09:06:55,072 [INFO]     Effect: -0.0377 (0.0045) ***
2026-05-26 09:06:55,072 [INFO] Very High Risk Home | Any Treatment | enet
2026-05-26 09:11:34,492 [INFO]     Saved checkpoint: hh_any_HH_VeryHighRiskHome_water_treatment_enet.pkl
2026-05-26 09:11:34,497 [INFO]     Effect: -0.0421 (0.0048) ***
2026-05-26 09:11:34,497 [INFO] Very High Risk Home | Any Treatment | rf
2026-05-26 09:14:12,924 [INFO]     Saved checkpoint: hh_any_HH_VeryHighRiskHome_water_treatment_rf.pkl
2026-05-26 09:14:12,942 [INFO]     Effect: -0.0452 (0.0064) ***
2026-05-26 09:14:12,942 [INFO] Very High Risk Home | Any Treatment | xgb
2026-05-26 09:15:47,661 [INFO]     Saved checkpoint: hh_any_HH_VeryHighRiskHome_water_treatment_xgb.pkl
2026-05-26 09:15:47,667 [INFO]     Effect: -0.0466 (0.0083) ***
2026-05-26 09:15:47,667 [INFO] Very High Risk Home | Any Treatment | stacked
2026-05-26 09:25:58,590 [INFO]     Saved checkpoint: hh_any_HH_VeryHighRiskHome_water_treatment_stacked.pkl
2026-05-26 09:25:58,595 [INFO]     Effect: -0.0581 (0.0052) ***
2026-05-26 09:25:58,736 [INFO] ======================================================================
2026-05-26 09:25:58,737 [INFO] ANALYSIS 2: U5 Dataset — Any Treatment on Diarrhea
2026-05-26 09:25:58,737 [INFO] ======================================================================
2026-05-26 09:25:59,240 [INFO] Diarrhea | Any Treatment | ols
2026-05-26 09:27:10,827 [INFO]     Saved checkpoint: u5_any_U5_diarrhea_water_treatment_ols.pkl
2026-05-26 09:27:10,832 [INFO]     Effect: -0.0046 (0.0063) 
2026-05-26 09:27:10,832 [INFO] Diarrhea | Any Treatment | lasso
2026-05-26 09:28:48,355 [INFO]     Saved checkpoint: u5_any_U5_diarrhea_water_treatment_lasso.pkl
2026-05-26 09:28:48,363 [INFO]     Effect: 0.0005 (0.0102) 
2026-05-26 09:28:48,363 [INFO] Diarrhea | Any Treatment | ridge
2026-05-26 09:29:55,168 [INFO]     Saved checkpoint: u5_any_U5_diarrhea_water_treatment_ridge.pkl
2026-05-26 09:29:55,175 [INFO]     Effect: -0.0043 (0.0064) 
2026-05-26 09:29:55,175 [INFO] Diarrhea | Any Treatment | enet
2026-05-26 09:32:29,504 [INFO]     Saved checkpoint: u5_any_U5_diarrhea_water_treatment_enet.pkl
2026-05-26 09:32:29,511 [INFO]     Effect: -0.0025 (0.0083) 
2026-05-26 09:32:29,511 [INFO] Diarrhea | Any Treatment | rf
2026-05-26 09:34:21,458 [INFO]     Saved checkpoint: u5_any_U5_diarrhea_water_treatment_rf.pkl
2026-05-26 09:34:21,464 [INFO]     Effect: 0.0028 (0.0074) 
2026-05-26 09:34:21,465 [INFO] Diarrhea | Any Treatment | xgb
2026-05-26 09:35:30,764 [INFO]     Saved checkpoint: u5_any_U5_diarrhea_water_treatment_xgb.pkl
2026-05-26 09:35:30,771 [INFO]     Effect: -0.0001 (0.0092) 
2026-05-26 09:35:30,772 [INFO] Diarrhea | Any Treatment | stacked
2026-05-26 09:44:16,904 [INFO]     Saved checkpoint: u5_any_U5_diarrhea_water_treatment_stacked.pkl
2026-05-26 09:44:16,915 [INFO]     Effect: -0.0060 (0.0056) 
2026-05-26 09:44:16,952 [INFO] ======================================================================
2026-05-26 09:44:16,952 [INFO] ANALYSIS 3: HH Dataset — Specific Treatments on E.coli Outcomes
2026-05-26 09:44:16,953 [INFO] ======================================================================
2026-05-26 09:44:17,857 [INFO] Some Risk Home | Boil | ols
2026-05-26 09:45:47,808 [INFO]     Saved checkpoint: hh_specific_HH_SomeRiskHome_treat_boil_ols.pkl
2026-05-26 09:45:47,816 [INFO]     Effect: -0.0584 (0.0059) ***
2026-05-26 09:45:47,817 [INFO] Some Risk Home | Boil | lasso
2026-05-26 09:46:48,950 [INFO] ======================================================================
2026-05-26 09:46:48,951 [INFO] MICS DDML: MAIN ANALYSIS
2026-05-26 09:46:48,951 [INFO] Learners: ['ols', 'lasso', 'ridge', 'enet', 'rf', 'xgb', 'stacked']
2026-05-26 09:46:48,951 [INFO] ======================================================================
2026-05-26 09:46:48,951 [INFO] --- Loading HH dataset (E.coli outcomes) ---
2026-05-26 09:46:54,894 [INFO] ============================================================
Dataset: HH | N = 59,620
============================================================
  n_total: 59620
  some_risk_home_mean: 0.7368332774236833
  some_risk_home_n: 59620
  very_high_risk_home_mean: 0.3077490774907749
  very_high_risk_home_n: 59620
  any_treatment_mean: 0.21249580677624957
  any_treatment_n: 59620
  boil_mean: 0.1007380073800738
  chlorine_mean: 0.021737671922173768
  filter_mean: 0.05117410265011741
  other_mean: 0.0388460248238846
  risk_source_no_risk_n: 25511
  risk_source_moderate_n: 21841
  risk_source_very_high_n: 12268
============================================================
2026-05-26 09:46:54,894 [INFO] --- Loading U5 dataset (diarrhea outcome) ---
2026-05-26 09:46:58,187 [INFO] ============================================================
Dataset: U5 | N = 36,121
============================================================
  n_total: 36121
  some_risk_home_mean: 0.8096951911630353
  some_risk_home_n: 36121
  very_high_risk_home_mean: 0.3761246920074195
  very_high_risk_home_n: 36121
  diarrhea_mean: 0.1392818581988317
  diarrhea_n: 36121
  any_treatment_mean: 0.19445751778743667
  any_treatment_n: 36121
  boil_mean: 0.07602225851997453
  chlorine_mean: 0.02040364330998588
  filter_mean: 0.07178649539049306
  other_mean: 0.026245120566983197
  risk_source_no_risk_n: 12629
  risk_source_moderate_n: 13893
  risk_source_very_high_n: 9599
============================================================
2026-05-26 09:46:58,188 [INFO]   Learners (regressor): ['ols', 'lasso', 'ridge', 'enet', 'rf', 'xgb', 'stacked']
2026-05-26 09:46:58,189 [INFO] ======================================================================
2026-05-26 09:46:58,189 [INFO] ANALYSIS 1: HH Dataset — Any Treatment on E.coli Outcomes
2026-05-26 09:46:58,189 [INFO] ======================================================================
2026-05-26 09:46:58,613 [INFO] Some Risk Home | Any Treatment | ols
2026-05-26 09:46:58,614 [INFO]     Loaded checkpoint: hh_any_HH_SomeRiskHome_water_treatment_ols.pkl
2026-05-26 09:46:58,614 [INFO]     Effect: -0.0526 (0.0042) ***
2026-05-26 09:46:58,614 [INFO] Some Risk Home | Any Treatment | lasso
2026-05-26 09:46:58,615 [INFO]     Loaded checkpoint: hh_any_HH_SomeRiskHome_water_treatment_lasso.pkl
2026-05-26 09:46:58,615 [INFO]     Effect: -0.0591 (0.0043) ***
2026-05-26 09:46:58,615 [INFO] Some Risk Home | Any Treatment | ridge
2026-05-26 09:46:58,616 [INFO]     Loaded checkpoint: hh_any_HH_SomeRiskHome_water_treatment_ridge.pkl
2026-05-26 09:46:58,616 [INFO]     Effect: -0.0525 (0.0042) ***
2026-05-26 09:46:58,616 [INFO] Some Risk Home | Any Treatment | enet
2026-05-26 09:46:58,617 [INFO]     Loaded checkpoint: hh_any_HH_SomeRiskHome_water_treatment_enet.pkl
2026-05-26 09:46:58,617 [INFO]     Effect: -0.0581 (0.0048) ***
2026-05-26 09:46:58,617 [INFO] Some Risk Home | Any Treatment | rf
2026-05-26 09:46:58,618 [INFO]     Loaded checkpoint: hh_any_HH_SomeRiskHome_water_treatment_rf.pkl
2026-05-26 09:46:58,618 [INFO]     Effect: -0.0593 (0.0055) ***
2026-05-26 09:46:58,618 [INFO] Some Risk Home | Any Treatment | xgb
2026-05-26 09:46:58,618 [INFO]     Loaded checkpoint: hh_any_HH_SomeRiskHome_water_treatment_xgb.pkl
2026-05-26 09:46:58,619 [INFO]     Effect: -0.0564 (0.0074) ***
2026-05-26 09:46:58,619 [INFO] Some Risk Home | Any Treatment | stacked
2026-05-26 09:46:58,619 [INFO]     Loaded checkpoint: hh_any_HH_SomeRiskHome_water_treatment_stacked.pkl
2026-05-26 09:46:58,619 [INFO]     Effect: -0.0655 (0.0059) ***
2026-05-26 09:46:59,066 [INFO] Very High Risk Home | Any Treatment | ols
2026-05-26 09:46:59,067 [INFO]     Loaded checkpoint: hh_any_HH_VeryHighRiskHome_water_treatment_ols.pkl
2026-05-26 09:46:59,067 [INFO]     Effect: -0.0381 (0.0045) ***
2026-05-26 09:46:59,068 [INFO] Very High Risk Home | Any Treatment | lasso
2026-05-26 09:46:59,068 [INFO]     Loaded checkpoint: hh_any_HH_VeryHighRiskHome_water_treatment_lasso.pkl
2026-05-26 09:46:59,068 [INFO]     Effect: -0.0437 (0.0042) ***
2026-05-26 09:46:59,068 [INFO] Very High Risk Home | Any Treatment | ridge
2026-05-26 09:46:59,069 [INFO]     Loaded checkpoint: hh_any_HH_VeryHighRiskHome_water_treatment_ridge.pkl
2026-05-26 09:46:59,070 [INFO]     Effect: -0.0377 (0.0045) ***
2026-05-26 09:46:59,070 [INFO] Very High Risk Home | Any Treatment | enet
2026-05-26 09:46:59,071 [INFO]     Loaded checkpoint: hh_any_HH_VeryHighRiskHome_water_treatment_enet.pkl
2026-05-26 09:46:59,071 [INFO]     Effect: -0.0421 (0.0048) ***
2026-05-26 09:46:59,071 [INFO] Very High Risk Home | Any Treatment | rf
2026-05-26 09:46:59,072 [INFO]     Loaded checkpoint: hh_any_HH_VeryHighRiskHome_water_treatment_rf.pkl
2026-05-26 09:46:59,072 [INFO]     Effect: -0.0452 (0.0064) ***
2026-05-26 09:46:59,072 [INFO] Very High Risk Home | Any Treatment | xgb
2026-05-26 09:46:59,072 [INFO]     Loaded checkpoint: hh_any_HH_VeryHighRiskHome_water_treatment_xgb.pkl
2026-05-26 09:46:59,073 [INFO]     Effect: -0.0466 (0.0083) ***
2026-05-26 09:46:59,073 [INFO] Very High Risk Home | Any Treatment | stacked
2026-05-26 09:46:59,073 [INFO]     Loaded checkpoint: hh_any_HH_VeryHighRiskHome_water_treatment_stacked.pkl
2026-05-26 09:46:59,073 [INFO]     Effect: -0.0581 (0.0052) ***
2026-05-26 09:46:59,111 [INFO] ======================================================================
2026-05-26 09:46:59,112 [INFO] ANALYSIS 2: U5 Dataset — Any Treatment on Diarrhea
2026-05-26 09:46:59,112 [INFO] ======================================================================
2026-05-26 09:46:59,363 [INFO] Diarrhea | Any Treatment | ols
2026-05-26 09:46:59,364 [INFO]     Loaded checkpoint: u5_any_U5_diarrhea_water_treatment_ols.pkl
2026-05-26 09:46:59,364 [INFO]     Effect: -0.0046 (0.0063) 
2026-05-26 09:46:59,364 [INFO] Diarrhea | Any Treatment | lasso
2026-05-26 09:46:59,365 [INFO]     Loaded checkpoint: u5_any_U5_diarrhea_water_treatment_lasso.pkl
2026-05-26 09:46:59,365 [INFO]     Effect: 0.0005 (0.0102) 
2026-05-26 09:46:59,365 [INFO] Diarrhea | Any Treatment | ridge
2026-05-26 09:46:59,366 [INFO]     Loaded checkpoint: u5_any_U5_diarrhea_water_treatment_ridge.pkl
2026-05-26 09:46:59,366 [INFO]     Effect: -0.0043 (0.0064) 
2026-05-26 09:46:59,366 [INFO] Diarrhea | Any Treatment | enet
2026-05-26 09:46:59,367 [INFO]     Loaded checkpoint: u5_any_U5_diarrhea_water_treatment_enet.pkl
2026-05-26 09:46:59,367 [INFO]     Effect: -0.0025 (0.0083) 
2026-05-26 09:46:59,367 [INFO] Diarrhea | Any Treatment | rf
2026-05-26 09:46:59,368 [INFO]     Loaded checkpoint: u5_any_U5_diarrhea_water_treatment_rf.pkl
2026-05-26 09:46:59,368 [INFO]     Effect: 0.0028 (0.0074) 
2026-05-26 09:46:59,368 [INFO] Diarrhea | Any Treatment | xgb
2026-05-26 09:46:59,369 [INFO]     Loaded checkpoint: u5_any_U5_diarrhea_water_treatment_xgb.pkl
2026-05-26 09:46:59,369 [INFO]     Effect: -0.0001 (0.0092) 
2026-05-26 09:46:59,369 [INFO] Diarrhea | Any Treatment | stacked
2026-05-26 09:46:59,370 [INFO]     Loaded checkpoint: u5_any_U5_diarrhea_water_treatment_stacked.pkl
2026-05-26 09:46:59,370 [INFO]     Effect: -0.0060 (0.0056) 
2026-05-26 09:46:59,399 [INFO] ======================================================================
2026-05-26 09:46:59,400 [INFO] ANALYSIS 3: HH Dataset — Specific Treatments on E.coli Outcomes
2026-05-26 09:46:59,400 [INFO] ======================================================================
2026-05-26 09:46:59,813 [INFO] Some Risk Home | Boil | ols
2026-05-26 09:46:59,814 [INFO]     Loaded checkpoint: hh_specific_HH_SomeRiskHome_treat_boil_ols.pkl
2026-05-26 09:46:59,814 [INFO]     Effect: -0.0584 (0.0059) ***
2026-05-26 09:46:59,814 [INFO] Some Risk Home | Boil | lasso
2026-05-26 09:48:44,363 [INFO]     Saved checkpoint: hh_specific_HH_SomeRiskHome_treat_boil_lasso.pkl
2026-05-26 09:48:44,368 [INFO]     Effect: -0.0679 (0.0071) ***
2026-05-26 09:48:44,368 [INFO] Some Risk Home | Boil | ridge
2026-05-26 09:50:16,231 [INFO]     Saved checkpoint: hh_specific_HH_SomeRiskHome_treat_boil_ridge.pkl
2026-05-26 09:50:16,237 [INFO]     Effect: -0.0585 (0.0061) ***
2026-05-26 09:50:16,237 [INFO] Some Risk Home | Boil | enet
2026-05-26 09:52:28,314 [INFO]     Saved checkpoint: hh_specific_HH_SomeRiskHome_treat_boil_enet.pkl
2026-05-26 09:52:28,320 [INFO]     Effect: -0.0635 (0.0071) ***
2026-05-26 09:52:28,321 [INFO] Some Risk Home | Boil | rf
2026-05-26 09:54:54,075 [INFO]     Saved checkpoint: hh_specific_HH_SomeRiskHome_treat_boil_rf.pkl
2026-05-26 09:54:54,080 [INFO]     Effect: -0.0955 (0.0077) ***
2026-05-26 09:54:54,080 [INFO] Some Risk Home | Boil | xgb
2026-05-26 09:56:27,706 [INFO]     Saved checkpoint: hh_specific_HH_SomeRiskHome_treat_boil_xgb.pkl
2026-05-26 09:56:27,711 [INFO]     Effect: -0.0603 (0.0093) ***
2026-05-26 09:56:27,711 [INFO] Some Risk Home | Boil | stacked
2026-05-26 10:06:47,673 [INFO]     Saved checkpoint: hh_specific_HH_SomeRiskHome_treat_boil_stacked.pkl
2026-05-26 10:06:47,684 [INFO]     Effect: -0.0939 (0.0062) ***
2026-05-26 10:06:48,261 [INFO] Some Risk Home | Chlorine | ols
2026-05-26 10:06:48,860 [ERROR]     Fitting DoubleMLIRM: For cluster data, all_smpls_cluster must be provided.
2026-05-26 10:06:48,862 [INFO] Some Risk Home | Chlorine | lasso
2026-05-26 10:06:49,496 [ERROR]     Fitting DoubleMLIRM: For cluster data, all_smpls_cluster must be provided.
2026-05-26 10:06:49,498 [INFO] Some Risk Home | Chlorine | ridge
2026-05-26 10:06:50,056 [ERROR]     Fitting DoubleMLIRM: For cluster data, all_smpls_cluster must be provided.
2026-05-26 10:06:50,058 [INFO] Some Risk Home | Chlorine | enet
2026-05-26 10:06:50,702 [ERROR]     Fitting DoubleMLIRM: For cluster data, all_smpls_cluster must be provided.
2026-05-26 10:06:50,705 [INFO] Some Risk Home | Chlorine | rf
2026-05-26 10:06:51,287 [ERROR]     Fitting DoubleMLIRM: For cluster data, all_smpls_cluster must be provided.
2026-05-26 10:06:51,290 [INFO] Some Risk Home | Chlorine | xgb
2026-05-26 10:06:51,920 [ERROR]     Fitting DoubleMLIRM: For cluster data, all_smpls_cluster must be provided.
2026-05-26 10:06:51,923 [INFO] Some Risk Home | Chlorine | stacked
2026-05-26 10:06:52,496 [ERROR]     Fitting DoubleMLIRM: For cluster data, all_smpls_cluster must be provided.
2026-05-26 10:06:53,033 [INFO] Some Risk Home | Filter | ols
2026-05-26 10:08:23,908 [INFO]     Saved checkpoint: hh_specific_HH_SomeRiskHome_treat_filter_ols.pkl
2026-05-26 10:08:23,915 [INFO]     Effect: 0.0449 (0.0079) ***
2026-05-26 10:08:23,915 [INFO] Some Risk Home | Filter | lasso
2026-05-26 10:10:12,152 [INFO]     Saved checkpoint: hh_specific_HH_SomeRiskHome_treat_filter_lasso.pkl
2026-05-26 10:10:12,161 [INFO]     Effect: 0.0612 (0.0077) ***
2026-05-26 10:10:12,162 [INFO] Some Risk Home | Filter | ridge
2026-05-26 10:11:43,729 [INFO]     Saved checkpoint: hh_specific_HH_SomeRiskHome_treat_filter_ridge.pkl
2026-05-26 10:11:43,737 [INFO]     Effect: 0.0450 (0.0086) ***
2026-05-26 10:11:43,737 [INFO] Some Risk Home | Filter | enet
2026-05-26 10:14:29,621 [INFO]     Saved checkpoint: hh_specific_HH_SomeRiskHome_treat_filter_enet.pkl
2026-05-26 10:14:29,627 [INFO]     Effect: 0.0605 (0.0075) ***
2026-05-26 10:14:29,628 [INFO] Some Risk Home | Filter | rf
2026-05-26 10:16:53,186 [INFO]     Saved checkpoint: hh_specific_HH_SomeRiskHome_treat_filter_rf.pkl
2026-05-26 10:16:53,192 [INFO]     Effect: 0.0541 (0.0094) ***
2026-05-26 10:16:53,192 [INFO] Some Risk Home | Filter | xgb
2026-05-26 10:18:26,886 [INFO]     Saved checkpoint: hh_specific_HH_SomeRiskHome_treat_filter_xgb.pkl
2026-05-26 10:18:26,894 [INFO]     Effect: 0.0476 (0.0103) ***
2026-05-26 10:18:26,894 [INFO] Some Risk Home | Filter | stacked
2026-05-26 10:28:17,538 [INFO]     Saved checkpoint: hh_specific_HH_SomeRiskHome_treat_filter_stacked.pkl
2026-05-26 10:28:17,545 [INFO]     Effect: 0.0775 (0.0063) ***
2026-05-26 10:28:18,069 [INFO] Some Risk Home | Other | ols
2026-05-26 10:28:18,694 [ERROR]     Fitting DoubleMLIRM: For cluster data, all_smpls_cluster must be provided.
2026-05-26 10:28:18,699 [INFO] Some Risk Home | Other | lasso
2026-05-26 10:28:19,401 [ERROR]     Fitting DoubleMLIRM: For cluster data, all_smpls_cluster must be provided.
2026-05-26 10:28:19,404 [INFO] Some Risk Home | Other | ridge
2026-05-26 10:28:20,064 [ERROR]     Fitting DoubleMLIRM: For cluster data, all_smpls_cluster must be provided.
2026-05-26 10:28:20,067 [INFO] Some Risk Home | Other | enet
2026-05-26 10:28:20,745 [ERROR]     Fitting DoubleMLIRM: For cluster data, all_smpls_cluster must be provided.
2026-05-26 10:28:20,748 [INFO] Some Risk Home | Other | rf
2026-05-26 10:28:21,325 [ERROR]     Fitting DoubleMLIRM: For cluster data, all_smpls_cluster must be provided.
2026-05-26 10:28:21,328 [INFO] Some Risk Home | Other | xgb
2026-05-26 10:28:21,885 [ERROR]     Fitting DoubleMLIRM: For cluster data, all_smpls_cluster must be provided.
2026-05-26 10:28:21,888 [INFO] Some Risk Home | Other | stacked
2026-05-26 10:28:22,463 [ERROR]     Fitting DoubleMLIRM: For cluster data, all_smpls_cluster must be provided.
2026-05-26 10:28:22,971 [INFO] Very High Risk Home | Boil | ols
2026-05-26 10:29:56,501 [INFO]     Saved checkpoint: hh_specific_HH_VeryHighRiskHome_treat_boil_ols.pkl
2026-05-26 10:29:56,509 [INFO]     Effect: -0.0814 (0.0060) ***
2026-05-26 10:29:56,510 [INFO] Very High Risk Home | Boil | lasso
2026-05-26 10:31:33,162 [INFO]     Saved checkpoint: hh_specific_HH_VeryHighRiskHome_treat_boil_lasso.pkl
2026-05-26 10:31:33,168 [INFO]     Effect: -0.0845 (0.0062) ***
2026-05-26 10:31:33,169 [INFO] Very High Risk Home | Boil | ridge
2026-05-26 10:33:09,338 [INFO]     Saved checkpoint: hh_specific_HH_VeryHighRiskHome_treat_boil_ridge.pkl
2026-05-26 10:33:09,346 [INFO]     Effect: -0.0827 (0.0056) ***
2026-05-26 10:33:09,346 [INFO] Very High Risk Home | Boil | enet
2026-05-26 10:35:34,122 [INFO]     Saved checkpoint: hh_specific_HH_VeryHighRiskHome_treat_boil_enet.pkl
2026-05-26 10:35:34,127 [INFO]     Effect: -0.0816 (0.0058) ***
2026-05-26 10:35:34,127 [INFO] Very High Risk Home | Boil | rf
2026-05-26 10:38:04,444 [INFO]     Saved checkpoint: hh_specific_HH_VeryHighRiskHome_treat_boil_rf.pkl
2026-05-26 10:38:04,449 [INFO]     Effect: -0.0860 (0.0074) ***
2026-05-26 10:38:04,450 [INFO] Very High Risk Home | Boil | xgb
2026-05-26 10:39:42,150 [INFO]     Saved checkpoint: hh_specific_HH_VeryHighRiskHome_treat_boil_xgb.pkl
2026-05-26 10:39:42,158 [INFO]     Effect: -0.0455 (0.0094) ***
2026-05-26 10:39:42,158 [INFO] Very High Risk Home | Boil | stacked
2026-05-26 10:50:11,358 [INFO]     Saved checkpoint: hh_specific_HH_VeryHighRiskHome_treat_boil_stacked.pkl
2026-05-26 10:50:11,363 [INFO]     Effect: -0.0855 (0.0055) ***
2026-05-26 10:50:12,027 [INFO] Very High Risk Home | Chlorine | ols
2026-05-26 10:50:12,682 [ERROR]     Fitting DoubleMLIRM: For cluster data, all_smpls_cluster must be provided.
2026-05-26 10:50:12,684 [INFO] Very High Risk Home | Chlorine | lasso
2026-05-26 10:50:13,265 [ERROR]     Fitting DoubleMLIRM: For cluster data, all_smpls_cluster must be provided.
2026-05-26 10:50:13,267 [INFO] Very High Risk Home | Chlorine | ridge
2026-05-26 10:50:13,901 [ERROR]     Fitting DoubleMLIRM: For cluster data, all_smpls_cluster must be provided.
2026-05-26 10:50:13,903 [INFO] Very High Risk Home | Chlorine | enet
2026-05-26 10:50:14,462 [ERROR]     Fitting DoubleMLIRM: For cluster data, all_smpls_cluster must be provided.
2026-05-26 10:50:14,463 [INFO] Very High Risk Home | Chlorine | rf
2026-05-26 10:50:15,081 [ERROR]     Fitting DoubleMLIRM: For cluster data, all_smpls_cluster must be provided.
2026-05-26 10:50:15,083 [INFO] Very High Risk Home | Chlorine | xgb
2026-05-26 10:50:15,659 [ERROR]     Fitting DoubleMLIRM: For cluster data, all_smpls_cluster must be provided.
2026-05-26 10:50:15,661 [INFO] Very High Risk Home | Chlorine | stacked
2026-05-26 10:50:16,210 [ERROR]     Fitting DoubleMLIRM: For cluster data, all_smpls_cluster must be provided.
2026-05-26 10:50:16,704 [INFO] Very High Risk Home | Filter | ols
2026-05-26 10:51:48,770 [INFO]     Saved checkpoint: hh_specific_HH_VeryHighRiskHome_treat_filter_ols.pkl
2026-05-26 10:51:48,778 [INFO]     Effect: 0.0213 (0.0101) ***
2026-05-26 10:51:48,778 [INFO] Very High Risk Home | Filter | lasso
2026-05-26 10:53:29,385 [INFO]     Saved checkpoint: hh_specific_HH_VeryHighRiskHome_treat_filter_lasso.pkl
2026-05-26 10:53:29,394 [INFO]     Effect: 0.0265 (0.0098) ***
2026-05-26 10:53:29,394 [INFO] Very High Risk Home | Filter | ridge
2026-05-26 10:55:02,807 [INFO]     Saved checkpoint: hh_specific_HH_VeryHighRiskHome_treat_filter_ridge.pkl
2026-05-26 10:55:02,816 [INFO]     Effect: 0.0200 (0.0105) ***
2026-05-26 10:55:02,816 [INFO] Very High Risk Home | Filter | enet
2026-05-26 10:57:19,095 [INFO]     Saved checkpoint: hh_specific_HH_VeryHighRiskHome_treat_filter_enet.pkl
2026-05-26 10:57:19,104 [INFO]     Effect: 0.0253 (0.0095) ***
2026-05-26 10:57:19,104 [INFO] Very High Risk Home | Filter | rf
2026-05-26 10:59:45,466 [INFO]     Saved checkpoint: hh_specific_HH_VeryHighRiskHome_treat_filter_rf.pkl
2026-05-26 10:59:45,471 [INFO]     Effect: 0.0465 (0.0132) ***
2026-05-26 10:59:45,472 [INFO] Very High Risk Home | Filter | xgb
2026-05-26 11:01:23,615 [INFO]     Saved checkpoint: hh_specific_HH_VeryHighRiskHome_treat_filter_xgb.pkl
2026-05-26 11:01:23,622 [INFO]     Effect: 0.0392 (0.0146) ***
2026-05-26 11:01:23,622 [INFO] Very High Risk Home | Filter | stacked
2026-05-26 11:12:38,065 [INFO]     Saved checkpoint: hh_specific_HH_VeryHighRiskHome_treat_filter_stacked.pkl
2026-05-26 11:12:38,071 [INFO]     Effect: -0.0056 (0.0077) 
2026-05-26 11:12:38,695 [INFO] Very High Risk Home | Other | ols
2026-05-26 11:12:39,367 [ERROR]     Fitting DoubleMLIRM: For cluster data, all_smpls_cluster must be provided.
2026-05-26 11:12:39,370 [INFO] Very High Risk Home | Other | lasso
2026-05-26 11:12:40,017 [ERROR]     Fitting DoubleMLIRM: For cluster data, all_smpls_cluster must be provided.
2026-05-26 11:12:40,019 [INFO] Very High Risk Home | Other | ridge
2026-05-26 11:12:40,683 [ERROR]     Fitting DoubleMLIRM: For cluster data, all_smpls_cluster must be provided.
2026-05-26 11:12:40,685 [INFO] Very High Risk Home | Other | enet
2026-05-26 11:12:41,318 [ERROR]     Fitting DoubleMLIRM: For cluster data, all_smpls_cluster must be provided.
2026-05-26 11:12:41,320 [INFO] Very High Risk Home | Other | rf
2026-05-26 11:12:42,004 [ERROR]     Fitting DoubleMLIRM: For cluster data, all_smpls_cluster must be provided.
2026-05-26 11:12:42,007 [INFO] Very High Risk Home | Other | xgb
2026-05-26 11:12:42,717 [ERROR]     Fitting DoubleMLIRM: For cluster data, all_smpls_cluster must be provided.
2026-05-26 11:12:42,719 [INFO] Very High Risk Home | Other | stacked
2026-05-26 11:12:43,355 [ERROR]     Fitting DoubleMLIRM: For cluster data, all_smpls_cluster must be provided.
2026-05-26 11:12:43,398 [INFO] ======================================================================
2026-05-26 11:12:43,398 [INFO] ANALYSIS 4: U5 Dataset — Specific Treatments on Diarrhea
2026-05-26 11:12:43,398 [INFO] ======================================================================
2026-05-26 11:12:43,900 [INFO] Diarrhea | Boil | ols
2026-05-26 11:13:34,341 [INFO]     Saved checkpoint: u5_specific_U5_diarrhea_treat_boil_ols.pkl
2026-05-26 11:13:34,349 [INFO]     Effect: 0.0229 (0.0070) ***
2026-05-26 11:13:34,349 [INFO] Diarrhea | Boil | lasso
2026-05-26 11:17:27,355 [INFO]     Saved checkpoint: u5_specific_U5_diarrhea_treat_boil_lasso.pkl
2026-05-26 11:17:27,362 [INFO]     Effect: -0.0093 (0.0098) 
2026-05-26 11:17:27,362 [INFO] Diarrhea | Boil | ridge
2026-05-26 11:18:15,248 [INFO]     Saved checkpoint: u5_specific_U5_diarrhea_treat_boil_ridge.pkl
2026-05-26 11:18:15,253 [INFO]     Effect: 0.0183 (0.0064) ***
2026-05-26 11:18:15,254 [INFO] Diarrhea | Boil | enet
2026-05-26 11:21:48,187 [INFO]     Saved checkpoint: u5_specific_U5_diarrhea_treat_boil_enet.pkl
2026-05-26 11:21:48,191 [INFO]     Effect: -0.0069 (0.0101) 
2026-05-26 11:21:48,192 [INFO] Diarrhea | Boil | rf
2026-05-26 11:23:31,752 [INFO]     Saved checkpoint: u5_specific_U5_diarrhea_treat_boil_rf.pkl
2026-05-26 11:23:31,757 [INFO]     Effect: -0.0115 (0.0085) 
2026-05-26 11:23:31,757 [INFO] Diarrhea | Boil | xgb
2026-05-26 11:24:35,719 [INFO]     Saved checkpoint: u5_specific_U5_diarrhea_treat_boil_xgb.pkl
2026-05-26 11:24:35,727 [INFO]     Effect: 0.0020 (0.0106) 
2026-05-26 11:24:35,727 [INFO] Diarrhea | Boil | stacked
2026-05-26 11:32:51,988 [INFO]     Saved checkpoint: u5_specific_U5_diarrhea_treat_boil_stacked.pkl
2026-05-26 11:32:52,000 [INFO]     Effect: -0.0298 (0.0061) ***
2026-05-26 11:32:52,323 [INFO] Diarrhea | Chlorine | ols
2026-05-26 11:32:52,710 [ERROR]     Fitting DoubleMLIRM: For cluster data, all_smpls_cluster must be provided.
2026-05-26 11:32:52,712 [INFO] Diarrhea | Chlorine | lasso
2026-05-26 11:32:53,110 [ERROR]     Fitting DoubleMLIRM: For cluster data, all_smpls_cluster must be provided.
2026-05-26 11:32:53,111 [INFO] Diarrhea | Chlorine | ridge
2026-05-26 11:32:53,468 [ERROR]     Fitting DoubleMLIRM: For cluster data, all_smpls_cluster must be provided.
2026-05-26 11:32:53,470 [INFO] Diarrhea | Chlorine | enet
2026-05-26 11:32:53,893 [ERROR]     Fitting DoubleMLIRM: For cluster data, all_smpls_cluster must be provided.
2026-05-26 11:32:53,895 [INFO] Diarrhea | Chlorine | rf
2026-05-26 11:32:54,240 [ERROR]     Fitting DoubleMLIRM: For cluster data, all_smpls_cluster must be provided.
2026-05-26 11:32:54,242 [INFO] Diarrhea | Chlorine | xgb
2026-05-26 11:32:54,660 [ERROR]     Fitting DoubleMLIRM: For cluster data, all_smpls_cluster must be provided.
2026-05-26 11:32:54,662 [INFO] Diarrhea | Chlorine | stacked
2026-05-26 11:32:55,101 [ERROR]     Fitting DoubleMLIRM: For cluster data, all_smpls_cluster must be provided.
2026-05-26 11:32:55,362 [INFO] Diarrhea | Filter | ols
2026-05-26 11:33:44,954 [INFO]     Saved checkpoint: u5_specific_U5_diarrhea_treat_filter_ols.pkl
2026-05-26 11:33:44,961 [INFO]     Effect: 0.0471 (0.0124) ***
2026-05-26 11:33:44,961 [INFO] Diarrhea | Filter | lasso
2026-05-26 11:41:09,907 [INFO]     Saved checkpoint: u5_specific_U5_diarrhea_treat_filter_lasso.pkl
2026-05-26 11:41:09,913 [INFO]     Effect: 0.0200 (0.0139) 
2026-05-26 11:41:09,914 [INFO] Diarrhea | Filter | ridge
2026-05-26 11:41:26,371 [INFO] ======================================================================
2026-05-26 11:41:26,372 [INFO] MICS DDML: MAIN ANALYSIS
2026-05-26 11:41:26,372 [INFO] Learners: ['ols', 'lasso', 'ridge', 'enet', 'rf', 'xgb', 'stacked']
2026-05-26 11:41:26,372 [INFO] Parallel jobs (learners) = 4
2026-05-26 11:41:26,373 [INFO] ======================================================================
2026-05-26 11:41:26,373 [INFO] --- Loading HH dataset (E.coli outcomes) ---
2026-05-26 11:41:32,314 [INFO] ============================================================
Dataset: HH | N = 59,620
============================================================
  n_total: 59620
  some_risk_home_mean: 0.7368332774236833
  some_risk_home_n: 59620
  very_high_risk_home_mean: 0.3077490774907749
  very_high_risk_home_n: 59620
  any_treatment_mean: 0.21249580677624957
  any_treatment_n: 59620
  boil_mean: 0.1007380073800738
  chlorine_mean: 0.021737671922173768
  filter_mean: 0.05117410265011741
  other_mean: 0.0388460248238846
  risk_source_no_risk_n: 25511
  risk_source_moderate_n: 21841
  risk_source_very_high_n: 12268
============================================================
2026-05-26 11:41:32,315 [INFO] --- Loading U5 dataset (diarrhea outcome) ---
2026-05-26 11:41:36,407 [INFO] ============================================================
Dataset: U5 | N = 36,121
============================================================
  n_total: 36121
  some_risk_home_mean: 0.8096951911630353
  some_risk_home_n: 36121
  very_high_risk_home_mean: 0.3761246920074195
  very_high_risk_home_n: 36121
  diarrhea_mean: 0.1392818581988317
  diarrhea_n: 36121
  any_treatment_mean: 0.19445751778743667
  any_treatment_n: 36121
  boil_mean: 0.07602225851997453
  chlorine_mean: 0.02040364330998588
  filter_mean: 0.07178649539049306
  other_mean: 0.026245120566983197
  risk_source_no_risk_n: 12629
  risk_source_moderate_n: 13893
  risk_source_very_high_n: 9599
============================================================
2026-05-26 11:41:36,408 [INFO]   Learners (regressor): ['ols', 'lasso', 'ridge', 'enet', 'rf', 'xgb', 'stacked']
2026-05-26 11:41:36,409 [INFO] ======================================================================
2026-05-26 11:41:36,409 [INFO] ANALYSIS 1: HH Dataset — Any Treatment on E.coli Outcomes
2026-05-26 11:41:36,410 [INFO] ======================================================================
2026-05-26 11:42:02,296 [INFO]     Effect: -0.0526 (0.0042) ***
2026-05-26 11:42:02,298 [INFO]     Effect: -0.0591 (0.0043) ***
2026-05-26 11:42:02,299 [INFO]     Effect: -0.0525 (0.0042) ***
2026-05-26 11:42:02,299 [INFO]     Effect: -0.0581 (0.0048) ***
2026-05-26 11:42:02,300 [INFO]     Effect: -0.0593 (0.0055) ***
2026-05-26 11:42:02,300 [INFO]     Effect: -0.0564 (0.0074) ***
2026-05-26 11:42:02,301 [INFO]     Effect: -0.0655 (0.0059) ***
2026-05-26 11:42:20,371 [INFO]     Effect: -0.0381 (0.0045) ***
2026-05-26 11:42:20,371 [INFO]     Effect: -0.0437 (0.0042) ***
2026-05-26 11:42:20,372 [INFO]     Effect: -0.0377 (0.0045) ***
2026-05-26 11:42:20,372 [INFO]     Effect: -0.0421 (0.0048) ***
2026-05-26 11:42:20,373 [INFO]     Effect: -0.0452 (0.0064) ***
2026-05-26 11:42:20,373 [INFO]     Effect: -0.0466 (0.0083) ***
2026-05-26 11:42:20,373 [INFO]     Effect: -0.0581 (0.0052) ***
2026-05-26 11:42:20,403 [INFO] ======================================================================
2026-05-26 11:42:20,404 [INFO] ANALYSIS 2: U5 Dataset — Any Treatment on Diarrhea
2026-05-26 11:42:20,404 [INFO] ======================================================================
2026-05-26 11:42:29,702 [INFO]     Effect: -0.0046 (0.0063) 
2026-05-26 11:42:29,702 [INFO]     Effect: 0.0005 (0.0102) 
2026-05-26 11:42:29,702 [INFO]     Effect: -0.0043 (0.0064) 
2026-05-26 11:42:29,702 [INFO]     Effect: -0.0025 (0.0083) 
2026-05-26 11:42:29,703 [INFO]     Effect: 0.0028 (0.0074) 
2026-05-26 11:42:29,703 [INFO]     Effect: -0.0001 (0.0092) 
2026-05-26 11:42:29,703 [INFO]     Effect: -0.0060 (0.0056) 
2026-05-26 11:42:29,719 [INFO] ======================================================================
2026-05-26 11:42:29,719 [INFO] ANALYSIS 3: HH Dataset — Specific Treatments on E.coli Outcomes
2026-05-26 11:42:29,719 [INFO] ======================================================================
2026-05-26 11:42:47,696 [INFO]     Effect: -0.0584 (0.0059) ***
2026-05-26 11:42:47,696 [INFO]     Effect: -0.0679 (0.0071) ***
2026-05-26 11:42:47,696 [INFO]     Effect: -0.0585 (0.0061) ***
2026-05-26 11:42:47,696 [INFO]     Effect: -0.0635 (0.0071) ***
2026-05-26 11:42:47,697 [INFO]     Effect: -0.0955 (0.0077) ***
2026-05-26 11:42:47,697 [INFO]     Effect: -0.0603 (0.0093) ***
2026-05-26 11:42:47,697 [INFO]     Effect: -0.0939 (0.0062) ***
2026-05-26 11:43:26,458 [INFO]     Effect: 0.0449 (0.0079) ***
2026-05-26 11:43:26,458 [INFO]     Effect: 0.0612 (0.0077) ***
2026-05-26 11:43:26,459 [INFO]     Effect: 0.0450 (0.0086) ***
2026-05-26 11:43:26,459 [INFO]     Effect: 0.0605 (0.0075) ***
2026-05-26 11:43:26,459 [INFO]     Effect: 0.0541 (0.0094) ***
2026-05-26 11:43:26,459 [INFO]     Effect: 0.0476 (0.0103) ***
2026-05-26 11:43:26,459 [INFO]     Effect: 0.0775 (0.0063) ***
2026-05-26 11:55:18,920 [INFO] ======================================================================
2026-05-26 11:55:18,920 [INFO] MICS DDML: MAIN ANALYSIS
2026-05-26 11:55:18,920 [INFO] Learners: ['ols', 'lasso', 'ridge', 'enet', 'rf', 'xgb', 'stacked']
2026-05-26 11:55:18,921 [INFO] Parallel jobs (learners) = 4
2026-05-26 11:55:18,921 [INFO] ======================================================================
2026-05-26 11:55:18,921 [INFO] --- Loading HH dataset (E.coli outcomes) ---
2026-05-26 11:55:23,377 [INFO] ============================================================
Dataset: HH | N = 59,620
============================================================
  n_total: 59620
  some_risk_home_mean: 0.7368332774236833
  some_risk_home_n: 59620
  very_high_risk_home_mean: 0.3077490774907749
  very_high_risk_home_n: 59620
  any_treatment_mean: 0.21249580677624957
  any_treatment_n: 59620
  boil_mean: 0.1007380073800738
  chlorine_mean: 0.021737671922173768
  filter_mean: 0.05117410265011741
  other_mean: 0.0388460248238846
  risk_source_no_risk_n: 25511
  risk_source_moderate_n: 21841
  risk_source_very_high_n: 12268
============================================================
2026-05-26 11:55:23,378 [INFO] --- Loading U5 dataset (diarrhea outcome) ---
2026-05-26 11:55:28,405 [INFO] ============================================================
Dataset: U5 | N = 36,121
============================================================
  n_total: 36121
  some_risk_home_mean: 0.8096951911630353
  some_risk_home_n: 36121
  very_high_risk_home_mean: 0.3761246920074195
  very_high_risk_home_n: 36121
  diarrhea_mean: 0.1392818581988317
  diarrhea_n: 36121
  any_treatment_mean: 0.19445751778743667
  any_treatment_n: 36121
  boil_mean: 0.07602225851997453
  chlorine_mean: 0.02040364330998588
  filter_mean: 0.07178649539049306
  other_mean: 0.026245120566983197
  risk_source_no_risk_n: 12629
  risk_source_moderate_n: 13893
  risk_source_very_high_n: 9599
============================================================
2026-05-26 11:55:28,406 [INFO]   Learners (regressor): ['ols', 'lasso', 'ridge', 'enet', 'rf', 'xgb', 'stacked']
2026-05-26 11:55:28,406 [INFO] ======================================================================
2026-05-26 11:55:28,407 [INFO] ANALYSIS 1: HH Dataset — Any Treatment on E.coli Outcomes
2026-05-26 11:55:28,407 [INFO] ======================================================================
2026-05-26 11:55:49,648 [INFO]     Effect: -0.0526 (0.0042) ***
2026-05-26 11:55:49,648 [INFO]     Effect: -0.0591 (0.0043) ***
2026-05-26 11:55:49,649 [INFO]     Effect: -0.0525 (0.0042) ***
2026-05-26 11:55:49,649 [INFO]     Effect: -0.0581 (0.0048) ***
2026-05-26 11:55:49,649 [INFO]     Effect: -0.0593 (0.0055) ***
2026-05-26 11:55:49,649 [INFO]     Effect: -0.0564 (0.0074) ***
2026-05-26 11:55:49,649 [INFO]     Effect: -0.0655 (0.0059) ***
2026-05-26 11:56:06,356 [INFO]     Effect: -0.0381 (0.0045) ***
2026-05-26 11:56:06,356 [INFO]     Effect: -0.0437 (0.0042) ***
2026-05-26 11:56:06,357 [INFO]     Effect: -0.0377 (0.0045) ***
2026-05-26 11:56:06,357 [INFO]     Effect: -0.0421 (0.0048) ***
2026-05-26 11:56:06,357 [INFO]     Effect: -0.0452 (0.0064) ***
2026-05-26 11:56:06,357 [INFO]     Effect: -0.0466 (0.0083) ***
2026-05-26 11:56:06,358 [INFO]     Effect: -0.0581 (0.0052) ***
2026-05-26 11:56:06,382 [INFO] ======================================================================
2026-05-26 11:56:06,382 [INFO] ANALYSIS 2: U5 Dataset — Any Treatment on Diarrhea
2026-05-26 11:56:06,383 [INFO] ======================================================================
2026-05-26 11:56:16,792 [INFO]     Effect: -0.0046 (0.0063) 
2026-05-26 11:56:16,792 [INFO]     Effect: 0.0005 (0.0102) 
2026-05-26 11:56:16,793 [INFO]     Effect: -0.0043 (0.0064) 
2026-05-26 11:56:16,793 [INFO]     Effect: -0.0025 (0.0083) 
2026-05-26 11:56:16,793 [INFO]     Effect: 0.0028 (0.0074) 
2026-05-26 11:56:16,793 [INFO]     Effect: -0.0001 (0.0092) 
2026-05-26 11:56:16,793 [INFO]     Effect: -0.0060 (0.0056) 
2026-05-26 11:56:16,816 [INFO] ======================================================================
2026-05-26 11:56:16,817 [INFO] ANALYSIS 3: HH Dataset — Specific Treatments on E.coli Outcomes
2026-05-26 11:56:16,817 [INFO] ======================================================================
2026-05-26 11:56:34,060 [INFO]     Effect: -0.0584 (0.0059) ***
2026-05-26 11:56:34,061 [INFO]     Effect: -0.0679 (0.0071) ***
2026-05-26 11:56:34,061 [INFO]     Effect: -0.0585 (0.0061) ***
2026-05-26 11:56:34,061 [INFO]     Effect: -0.0635 (0.0071) ***
2026-05-26 11:56:34,062 [INFO]     Effect: -0.0955 (0.0077) ***
2026-05-26 11:56:34,062 [INFO]     Effect: -0.0603 (0.0093) ***
2026-05-26 11:56:34,062 [INFO]     Effect: -0.0939 (0.0062) ***
2026-05-26 11:57:08,495 [INFO]     Effect: 0.0449 (0.0079) ***
2026-05-26 11:57:08,495 [INFO]     Effect: 0.0612 (0.0077) ***
2026-05-26 11:57:08,496 [INFO]     Effect: 0.0450 (0.0086) ***
2026-05-26 11:57:08,496 [INFO]     Effect: 0.0605 (0.0075) ***
2026-05-26 11:57:08,496 [INFO]     Effect: 0.0541 (0.0094) ***
2026-05-26 11:57:08,496 [INFO]     Effect: 0.0476 (0.0103) ***
2026-05-26 11:57:08,496 [INFO]     Effect: 0.0775 (0.0063) ***
2026-05-26 17:18:44,238 [INFO] ======================================================================
2026-05-26 17:18:44,239 [INFO] MICS DDML: MAIN ANALYSIS
2026-05-26 17:18:44,239 [INFO] Learners: ['ols', 'lasso', 'ridge', 'enet', 'rf', 'xgb', 'stacked']
2026-05-26 17:18:44,239 [INFO] Parallel jobs (learners) = 4
2026-05-26 17:18:44,239 [INFO] ======================================================================
2026-05-26 17:18:44,240 [INFO] --- Loading HH dataset (E.coli outcomes) ---
2026-05-26 17:20:50,674 [INFO] ======================================================================
2026-05-26 17:20:50,674 [INFO] MICS DDML: MAIN ANALYSIS
2026-05-26 17:20:50,674 [INFO] Learners: ['ols', 'lasso', 'ridge', 'enet', 'rf', 'xgb', 'stacked']
2026-05-26 17:20:50,675 [INFO] Parallel jobs (learners) = 4
2026-05-26 17:20:50,675 [INFO] ======================================================================
2026-05-26 17:20:50,675 [INFO] --- Loading HH dataset (E.coli outcomes) ---
2026-05-26 17:20:54,276 [INFO] ============================================================
Dataset: HH | N = 59,620
============================================================
  n_total: 59620
  some_risk_home_mean: 0.7368332774236833
  some_risk_home_n: 59620
  very_high_risk_home_mean: 0.3077490774907749
  very_high_risk_home_n: 59620
  any_treatment_mean: 0.21249580677624957
  any_treatment_n: 59620
  boil_mean: 0.1007380073800738
  chlorine_mean: 0.021737671922173768
  filter_mean: 0.05117410265011741
  other_mean: 0.0388460248238846
  risk_source_no_risk_n: 25511
  risk_source_moderate_n: 21841
  risk_source_very_high_n: 12268
============================================================
2026-05-26 17:20:54,276 [INFO] --- Loading U5 dataset (diarrhea outcome) ---
2026-05-26 17:20:56,586 [INFO] ============================================================
Dataset: U5 | N = 36,121
============================================================
  n_total: 36121
  some_risk_home_mean: 0.8096951911630353
  some_risk_home_n: 36121
  very_high_risk_home_mean: 0.3761246920074195
  very_high_risk_home_n: 36121
  diarrhea_mean: 0.1392818581988317
  diarrhea_n: 36121
  any_treatment_mean: 0.19445751778743667
  any_treatment_n: 36121
  boil_mean: 0.07602225851997453
  chlorine_mean: 0.02040364330998588
  filter_mean: 0.07178649539049306
  other_mean: 0.026245120566983197
  risk_source_no_risk_n: 12629
  risk_source_moderate_n: 13893
  risk_source_very_high_n: 9599
============================================================
2026-05-26 17:20:56,587 [INFO]   Learners (regressor): ['ols', 'lasso', 'ridge', 'enet', 'rf', 'xgb', 'stacked']
2026-05-26 17:20:56,587 [INFO] ======================================================================
2026-05-26 17:20:56,587 [INFO] ANALYSIS 1: HH Dataset — Any Treatment on E.coli Outcomes
2026-05-26 17:20:56,587 [INFO] ======================================================================
2026-05-26 17:21:15,733 [INFO]     Effect: -0.0526 (0.0042) ***
2026-05-26 17:21:15,736 [INFO]     Effect: -0.0591 (0.0043) ***
2026-05-26 17:21:15,736 [INFO]     Effect: -0.0525 (0.0042) ***
2026-05-26 17:21:15,737 [INFO]     Effect: -0.0581 (0.0048) ***
2026-05-26 17:21:15,737 [INFO]     Effect: -0.0593 (0.0055) ***
2026-05-26 17:21:15,737 [INFO]     Effect: -0.0564 (0.0074) ***
2026-05-26 17:21:15,737 [INFO]     Effect: -0.0655 (0.0059) ***
2026-05-26 17:21:29,034 [INFO]     Effect: -0.0381 (0.0045) ***
2026-05-26 17:21:29,035 [INFO]     Effect: -0.0437 (0.0042) ***
2026-05-26 17:21:29,035 [INFO]     Effect: -0.0377 (0.0045) ***
2026-05-26 17:21:29,035 [INFO]     Effect: -0.0421 (0.0048) ***
2026-05-26 17:21:29,035 [INFO]     Effect: -0.0452 (0.0064) ***
2026-05-26 17:21:29,035 [INFO]     Effect: -0.0466 (0.0083) ***
2026-05-26 17:21:29,035 [INFO]     Effect: -0.0581 (0.0052) ***
2026-05-26 17:21:29,073 [INFO] ======================================================================
2026-05-26 17:21:29,074 [INFO] ANALYSIS 2: U5 Dataset — Any Treatment on Diarrhea
2026-05-26 17:21:29,074 [INFO] ======================================================================
2026-05-26 17:21:36,925 [INFO]     Effect: -0.0046 (0.0063) 
2026-05-26 17:21:36,925 [INFO]     Effect: 0.0005 (0.0102) 
2026-05-26 17:21:36,926 [INFO]     Effect: -0.0043 (0.0064) 
2026-05-26 17:21:36,926 [INFO]     Effect: -0.0025 (0.0083) 
2026-05-26 17:21:36,926 [INFO]     Effect: 0.0028 (0.0074) 
2026-05-26 17:21:36,926 [INFO]     Effect: -0.0001 (0.0092) 
2026-05-26 17:21:36,926 [INFO]     Effect: -0.0060 (0.0056) 
2026-05-26 17:21:36,953 [INFO] ======================================================================
2026-05-26 17:21:36,956 [INFO] ANALYSIS 3: HH Dataset — Specific Treatments on E.coli Outcomes
2026-05-26 17:21:36,956 [INFO] ======================================================================
2026-05-26 17:21:37,113 [ERROR]     Too few single-method obs (N=0)
2026-05-26 17:21:37,259 [ERROR]     Too few single-method obs (N=0)
2026-05-26 17:21:37,376 [ERROR]     Too few single-method obs (N=0)
2026-05-26 17:21:37,490 [ERROR]     Too few single-method obs (N=0)
2026-05-26 17:21:37,604 [ERROR]     Too few single-method obs (N=0)
2026-05-26 17:21:37,722 [ERROR]     Too few single-method obs (N=0)
2026-05-26 17:21:37,872 [ERROR]     Too few single-method obs (N=0)
2026-05-26 17:21:37,984 [ERROR]     Too few single-method obs (N=0)
2026-05-26 17:21:37,985 [INFO] ======================================================================
2026-05-26 17:21:37,985 [INFO] ANALYSIS 4: U5 Dataset — Specific Treatments on Diarrhea
2026-05-26 17:21:37,985 [INFO] ======================================================================
2026-05-26 17:21:38,044 [ERROR]     Too few single-method obs (N=0)
2026-05-26 17:21:38,104 [ERROR]     Too few single-method obs (N=0)
2026-05-26 17:21:38,164 [ERROR]     Too few single-method obs (N=0)
2026-05-26 17:21:38,227 [ERROR]     Too few single-method obs (N=0)
2026-05-26 17:22:39,486 [INFO] ======================================================================
2026-05-26 17:22:39,487 [INFO] MICS DDML: MAIN ANALYSIS
2026-05-26 17:22:39,487 [INFO] Learners: ['ols', 'lasso', 'ridge', 'enet', 'rf', 'xgb', 'stacked']
2026-05-26 17:22:39,487 [INFO] Parallel jobs (learners) = 4
2026-05-26 17:22:39,487 [INFO] ======================================================================
2026-05-26 17:22:39,488 [INFO] --- Loading HH dataset (E.coli outcomes) ---
2026-05-26 17:22:43,162 [INFO] ============================================================
Dataset: HH | N = 59,620
============================================================
  n_total: 59620
  some_risk_home_mean: 0.7368332774236833
  some_risk_home_n: 59620
  very_high_risk_home_mean: 0.3077490774907749
  very_high_risk_home_n: 59620
  any_treatment_mean: 0.21249580677624957
  any_treatment_n: 59620
  boil_mean: 0.1007380073800738
  chlorine_mean: 0.021737671922173768
  filter_mean: 0.05117410265011741
  other_mean: 0.0388460248238846
  risk_source_no_risk_n: 25511
  risk_source_moderate_n: 21841
  risk_source_very_high_n: 12268
============================================================
2026-05-26 17:22:43,162 [INFO] --- Loading U5 dataset (diarrhea outcome) ---
2026-05-26 17:22:45,447 [INFO] ============================================================
Dataset: U5 | N = 36,121
============================================================
  n_total: 36121
  some_risk_home_mean: 0.8096951911630353
  some_risk_home_n: 36121
  very_high_risk_home_mean: 0.3761246920074195
  very_high_risk_home_n: 36121
  diarrhea_mean: 0.1392818581988317
  diarrhea_n: 36121
  any_treatment_mean: 0.19445751778743667
  any_treatment_n: 36121
  boil_mean: 0.07602225851997453
  chlorine_mean: 0.02040364330998588
  filter_mean: 0.07178649539049306
  other_mean: 0.026245120566983197
  risk_source_no_risk_n: 12629
  risk_source_moderate_n: 13893
  risk_source_very_high_n: 9599
============================================================
2026-05-26 17:22:45,448 [INFO]   Learners (regressor): ['ols', 'lasso', 'ridge', 'enet', 'rf', 'xgb', 'stacked']
2026-05-26 17:22:45,448 [INFO] ======================================================================
2026-05-26 17:22:45,449 [INFO] ANALYSIS 1: HH Dataset — Any Treatment on E.coli Outcomes
2026-05-26 17:22:45,449 [INFO] ======================================================================
2026-05-26 17:23:01,569 [INFO]     Effect: -0.0526 (0.0042) ***
2026-05-26 17:23:01,569 [INFO]     Effect: -0.0591 (0.0043) ***
2026-05-26 17:23:01,570 [INFO]     Effect: -0.0525 (0.0042) ***
2026-05-26 17:23:01,570 [INFO]     Effect: -0.0581 (0.0048) ***
2026-05-26 17:23:01,570 [INFO]     Effect: -0.0593 (0.0055) ***
2026-05-26 17:23:01,570 [INFO]     Effect: -0.0564 (0.0074) ***
2026-05-26 17:23:01,570 [INFO]     Effect: -0.0655 (0.0059) ***
2026-05-26 17:23:14,285 [INFO]     Effect: -0.0381 (0.0045) ***
2026-05-26 17:23:14,285 [INFO]     Effect: -0.0437 (0.0042) ***
2026-05-26 17:23:14,286 [INFO]     Effect: -0.0377 (0.0045) ***
2026-05-26 17:23:14,286 [INFO]     Effect: -0.0421 (0.0048) ***
2026-05-26 17:23:14,286 [INFO]     Effect: -0.0452 (0.0064) ***
2026-05-26 17:23:14,286 [INFO]     Effect: -0.0466 (0.0083) ***
2026-05-26 17:23:14,287 [INFO]     Effect: -0.0581 (0.0052) ***
2026-05-26 17:23:14,338 [INFO] ======================================================================
2026-05-26 17:23:14,338 [INFO] ANALYSIS 2: U5 Dataset — Any Treatment on Diarrhea
2026-05-26 17:23:14,339 [INFO] ======================================================================
2026-05-26 17:23:21,966 [INFO]     Effect: -0.0046 (0.0063) 
2026-05-26 17:23:21,966 [INFO]     Effect: 0.0005 (0.0102) 
2026-05-26 17:23:21,966 [INFO]     Effect: -0.0043 (0.0064) 
2026-05-26 17:23:21,967 [INFO]     Effect: -0.0025 (0.0083) 
2026-05-26 17:23:21,967 [INFO]     Effect: 0.0028 (0.0074) 
2026-05-26 17:23:21,967 [INFO]     Effect: -0.0001 (0.0092) 
2026-05-26 17:23:21,968 [INFO]     Effect: -0.0060 (0.0056) 
2026-05-26 17:23:21,996 [INFO] ======================================================================
2026-05-26 17:23:21,997 [INFO] ANALYSIS 3: HH Dataset — Specific Treatments on E.coli Outcomes
2026-05-26 17:23:21,997 [INFO] ======================================================================
2026-05-26 17:23:22,225 [ERROR]     Too few single-method obs (N=0)
2026-05-26 17:23:22,341 [ERROR]     Too few single-method obs (N=0)
2026-05-26 17:23:22,475 [ERROR]     Too few single-method obs (N=0)
2026-05-26 17:23:22,624 [ERROR]     Too few single-method obs (N=0)
2026-05-26 17:23:22,772 [ERROR]     Too few single-method obs (N=0)
2026-05-26 17:23:22,912 [ERROR]     Too few single-method obs (N=0)
2026-05-26 17:23:23,029 [ERROR]     Too few single-method obs (N=0)
2026-05-26 17:23:23,150 [ERROR]     Too few single-method obs (N=0)
2026-05-26 17:23:23,150 [INFO] ======================================================================
2026-05-26 17:23:23,150 [INFO] ANALYSIS 4: U5 Dataset — Specific Treatments on Diarrhea
2026-05-26 17:23:23,151 [INFO] ======================================================================
2026-05-26 17:23:23,242 [ERROR]     Too few single-method obs (N=0)
2026-05-26 17:23:23,306 [ERROR]     Too few single-method obs (N=0)
2026-05-26 17:23:23,366 [ERROR]     Too few single-method obs (N=0)
2026-05-26 17:23:23,436 [ERROR]     Too few single-method obs (N=0)
2026-05-26 17:23:23,440 [INFO] Results saved to: C:\Users\jadrk\Dropbox\MICS_DDML\Output\results_main.pkl
2026-05-26 17:23:23,448 [INFO] CSV saved to: C:\Users\jadrk\Dropbox\MICS_DDML\Output\results_main.csv
2026-05-26 17:23:23,449 [INFO] ======================================================================
2026-05-26 17:23:23,449 [INFO] SIGNIFICANT EFFECTS SUMMARY — MAIN
2026-05-26 17:23:23,449 [INFO] ======================================================================
2026-05-26 17:23:23,449 [INFO] Significant effects (95% CI excludes zero): 14/21
Outcome                Treatment          Learner          Coef       SE               95% CI       N
SomeRiskHome           water_treatment    enet          -0.0581   0.0048 [-0.0675, -0.0488]   59620
SomeRiskHome           water_treatment    lasso         -0.0591   0.0043 [-0.0676, -0.0506]   59620
SomeRiskHome           water_treatment    ols           -0.0526   0.0042 [-0.0608, -0.0444]   59620
SomeRiskHome           water_treatment    rf            -0.0593   0.0055 [-0.0702, -0.0485]   59620
SomeRiskHome           water_treatment    ridge         -0.0525   0.0042 [-0.0608, -0.0443]   59620
SomeRiskHome           water_treatment    stacked       -0.0655   0.0059 [-0.0770, -0.0540]   59620
SomeRiskHome           water_treatment    xgb           -0.0564   0.0074 [-0.0709, -0.0418]   59620
VeryHighRiskHome       water_treatment    enet          -0.0421   0.0048 [-0.0515, -0.0327]   59620
VeryHighRiskHome       water_treatment    lasso         -0.0437   0.0042 [-0.0519, -0.0355]   59620
VeryHighRiskHome       water_treatment    ols           -0.0381   0.0045 [-0.0469, -0.0293]   59620
VeryHighRiskHome       water_treatment    rf            -0.0452   0.0064 [-0.0583, -0.0328]   59620
VeryHighRiskHome       water_treatment    ridge         -0.0377   0.0045 [-0.0465, -0.0289]   59620
VeryHighRiskHome       water_treatment    stacked       -0.0581   0.0052 [-0.0683, -0.0478]   59620
VeryHighRiskHome       water_treatment    xgb           -0.0466   0.0083 [-0.0628, -0.0304]   59620
2026-05-26 17:23:23,466 [INFO] ======================================================================
2026-05-26 17:23:23,466 [INFO] MAIN ANALYSIS COMPLETE
2026-05-26 17:23:23,467 [INFO] Results saved to: C:\Users\jadrk\Dropbox\MICS_DDML\Output
2026-05-26 17:23:23,467 [INFO] ======================================================================
2026-05-26 17:53:23,010 [INFO] ======================================================================
2026-05-26 17:53:23,011 [INFO] MICS DDML: MAIN ANALYSIS
2026-05-26 17:53:23,011 [INFO] Learners: ['ols', 'lasso', 'ridge', 'enet', 'rf', 'xgb', 'stacked']
2026-05-26 17:53:23,011 [INFO] Parallel jobs (learners) = 4
2026-05-26 17:53:23,011 [INFO] ======================================================================
2026-05-26 17:53:23,012 [INFO] --- Loading HH dataset (E.coli outcomes) ---
2026-05-26 17:53:26,435 [INFO] ============================================================
Dataset: HH | N = 59,620
============================================================
  n_total: 59620
  some_risk_home_mean: 0.7368332774236833
  some_risk_home_n: 59620
  very_high_risk_home_mean: 0.3077490774907749
  very_high_risk_home_n: 59620
  any_treatment_mean: 0.21249580677624957
  any_treatment_n: 59620
  boil_mean: 0.1007380073800738
  chlorine_mean: 0.021737671922173768
  filter_mean: 0.05117410265011741
  other_mean: 0.0388460248238846
  risk_source_no_risk_n: 25511
  risk_source_moderate_n: 21841
  risk_source_very_high_n: 12268
============================================================
2026-05-26 17:53:26,436 [INFO] --- Loading U5 dataset (diarrhea outcome) ---
2026-05-26 17:53:28,727 [INFO] ============================================================
Dataset: U5 | N = 36,121
============================================================
  n_total: 36121
  some_risk_home_mean: 0.8096951911630353
  some_risk_home_n: 36121
  very_high_risk_home_mean: 0.3761246920074195
  very_high_risk_home_n: 36121
  diarrhea_mean: 0.1392818581988317
  diarrhea_n: 36121
  any_treatment_mean: 0.19445751778743667
  any_treatment_n: 36121
  boil_mean: 0.07602225851997453
  chlorine_mean: 0.02040364330998588
  filter_mean: 0.07178649539049306
  other_mean: 0.026245120566983197
  risk_source_no_risk_n: 12629
  risk_source_moderate_n: 13893
  risk_source_very_high_n: 9599
============================================================
2026-05-26 17:53:28,728 [INFO]   Learners (regressor): ['ols', 'lasso', 'ridge', 'enet', 'rf', 'xgb', 'stacked']
2026-05-26 17:53:28,729 [INFO] ======================================================================
2026-05-26 17:53:28,729 [INFO] ANALYSIS 1: HH Dataset — Any Treatment on E.coli Outcomes
2026-05-26 17:53:28,730 [INFO] ======================================================================
2026-05-26 17:53:45,732 [INFO]     Effect: -0.0526 (0.0042) ***
2026-05-26 17:53:45,733 [INFO]     Effect: -0.0591 (0.0043) ***
2026-05-26 17:53:45,734 [INFO]     Effect: -0.0525 (0.0042) ***
2026-05-26 17:53:45,734 [INFO]     Effect: -0.0581 (0.0048) ***
2026-05-26 17:53:45,735 [INFO]     Effect: -0.0593 (0.0055) ***
2026-05-26 17:53:45,735 [INFO]     Effect: -0.0564 (0.0074) ***
2026-05-26 17:53:45,735 [INFO]     Effect: -0.0655 (0.0059) ***
2026-05-26 17:53:58,385 [INFO]     Effect: -0.0381 (0.0045) ***
2026-05-26 17:53:58,385 [INFO]     Effect: -0.0437 (0.0042) ***
2026-05-26 17:53:58,386 [INFO]     Effect: -0.0377 (0.0045) ***
2026-05-26 17:53:58,387 [INFO]     Effect: -0.0421 (0.0048) ***
2026-05-26 17:53:58,387 [INFO]     Effect: -0.0452 (0.0064) ***
2026-05-26 17:53:58,388 [INFO]     Effect: -0.0466 (0.0083) ***
2026-05-26 17:53:58,390 [INFO]     Effect: -0.0581 (0.0052) ***
2026-05-26 17:53:58,430 [INFO] ======================================================================
2026-05-26 17:53:58,430 [INFO] ANALYSIS 2: U5 Dataset — Any Treatment on Diarrhea
2026-05-26 17:53:58,430 [INFO] ======================================================================
2026-05-26 17:54:06,052 [INFO]     Effect: -0.0046 (0.0063) 
2026-05-26 17:54:06,052 [INFO]     Effect: 0.0005 (0.0102) 
2026-05-26 17:54:06,052 [INFO]     Effect: -0.0043 (0.0064) 
2026-05-26 17:54:06,053 [INFO]     Effect: -0.0025 (0.0083) 
2026-05-26 17:54:06,053 [INFO]     Effect: 0.0028 (0.0074) 
2026-05-26 17:54:06,053 [INFO]     Effect: -0.0001 (0.0092) 
2026-05-26 17:54:06,053 [INFO]     Effect: -0.0060 (0.0056) 
2026-05-26 17:54:06,069 [INFO] ======================================================================
2026-05-26 17:54:06,070 [INFO] ANALYSIS 3: HH Dataset — Specific Treatments on E.coli Outcomes
2026-05-26 17:54:06,070 [INFO] ======================================================================
2026-05-26 17:54:13,545 [INFO]     Effect: -0.0584 (0.0059) ***
2026-05-26 17:54:13,545 [INFO]     Effect: -0.0679 (0.0071) ***
2026-05-26 17:54:13,546 [INFO]     Effect: -0.0585 (0.0061) ***
2026-05-26 17:54:13,546 [INFO]     Effect: -0.0635 (0.0071) ***
2026-05-26 17:54:13,546 [INFO]     Effect: -0.0955 (0.0077) ***
2026-05-26 17:54:13,546 [INFO]     Effect: -0.0603 (0.0093) ***
2026-05-26 17:54:13,546 [INFO]     Effect: -0.0939 (0.0062) ***
2026-05-26 17:56:31,396 [INFO]     Effect: 0.1317 (0.0156) ***
2026-05-26 17:56:31,396 [INFO]     Effect: 0.1653 (0.0192) ***
2026-05-26 17:56:31,396 [INFO]     Effect: 0.2149 (0.0153) ***
2026-05-26 17:56:31,397 [INFO]     Effect: 0.1789 (0.0150) ***
2026-05-26 17:56:31,397 [INFO]     Effect: 0.1153 (0.0106) ***
2026-05-26 17:56:31,397 [INFO]     Effect: 0.1528 (0.0191) ***
2026-05-26 17:56:31,398 [INFO]     Effect: 0.1849 (0.0124) ***
2026-05-26 17:56:38,864 [INFO]     Effect: 0.0449 (0.0079) ***
2026-05-26 17:56:38,864 [INFO]     Effect: 0.0612 (0.0077) ***
2026-05-26 17:56:38,864 [INFO]     Effect: 0.0450 (0.0086) ***
2026-05-26 17:56:38,864 [INFO]     Effect: 0.0605 (0.0075) ***
2026-05-26 17:56:38,864 [INFO]     Effect: 0.0541 (0.0094) ***
2026-05-26 17:56:38,865 [INFO]     Effect: 0.0476 (0.0103) ***
2026-05-26 17:56:38,865 [INFO]     Effect: 0.0775 (0.0063) ***
2026-05-26 17:59:12,156 [INFO]     Effect: 0.0237 (0.0199) 
2026-05-26 17:59:12,156 [INFO]     Effect: -0.0142 (0.0192) 
2026-05-26 17:59:12,156 [INFO]     Effect: 0.0094 (0.0191) 
2026-05-26 17:59:12,156 [INFO]     Effect: 0.0137 (0.0207) 
2026-05-26 17:59:12,157 [INFO]     Effect: 0.0089 (0.0200) 
2026-05-26 17:59:12,157 [INFO]     Effect: -0.0045 (0.0279) 
2026-05-26 17:59:12,157 [INFO]     Effect: -0.0073 (0.0131) 
2026-05-26 17:59:20,573 [INFO]     Effect: -0.0814 (0.0060) ***
2026-05-26 17:59:20,574 [INFO]     Effect: -0.0845 (0.0062) ***
2026-05-26 17:59:20,574 [INFO]     Effect: -0.0827 (0.0056) ***
2026-05-26 17:59:20,576 [INFO]     Effect: -0.0816 (0.0058) ***
2026-05-26 17:59:20,576 [INFO]     Effect: -0.0860 (0.0074) ***
2026-05-26 17:59:20,577 [INFO]     Effect: -0.0455 (0.0094) ***
2026-05-26 17:59:20,577 [INFO]     Effect: -0.0855 (0.0055) ***
2026-05-26 18:01:52,691 [INFO]     Effect: 0.0580 (0.0154) ***
2026-05-26 18:01:52,691 [INFO]     Effect: 0.0721 (0.0170) ***
2026-05-26 18:01:52,691 [INFO]     Effect: 0.0001 (0.0156) 
2026-05-26 18:01:52,692 [INFO]     Effect: 0.0739 (0.0152) ***
2026-05-26 18:01:52,692 [INFO]     Effect: 0.0369 (0.0103) ***
2026-05-26 18:01:52,692 [INFO]     Effect: 0.0117 (0.0129) 
2026-05-26 18:01:52,692 [INFO]     Effect: 0.0843 (0.0141) ***
2026-05-26 18:02:01,236 [INFO]     Effect: 0.0213 (0.0101) ***
2026-05-26 18:02:01,236 [INFO]     Effect: 0.0265 (0.0098) ***
2026-05-26 18:02:01,236 [INFO]     Effect: 0.0200 (0.0105) ***
2026-05-26 18:02:01,236 [INFO]     Effect: 0.0253 (0.0095) ***
2026-05-26 18:02:01,236 [INFO]     Effect: 0.0465 (0.0132) ***
2026-05-26 18:02:01,236 [INFO]     Effect: 0.0392 (0.0146) ***
2026-05-26 18:02:01,236 [INFO]     Effect: -0.0056 (0.0077) 
2026-05-26 18:04:37,045 [INFO]     Effect: -0.0309 (0.0163) 
2026-05-26 18:04:37,045 [INFO]     Effect: -0.0181 (0.0149) 
2026-05-26 18:04:37,045 [INFO]     Effect: -0.0278 (0.0142) ***
2026-05-26 18:04:37,046 [INFO]     Effect: -0.0264 (0.0149) 
2026-05-26 18:04:37,046 [INFO]     Effect: -0.0392 (0.0123) ***
2026-05-26 18:04:37,046 [INFO]     Effect: -0.0555 (0.0211) ***
2026-05-26 18:04:37,046 [INFO]     Effect: -0.0317 (0.0097) ***
2026-05-26 18:04:37,052 [INFO] ======================================================================
2026-05-26 18:04:37,052 [INFO] ANALYSIS 4: U5 Dataset — Specific Treatments on Diarrhea
2026-05-26 18:04:37,052 [INFO] ======================================================================
2026-05-26 18:04:42,310 [INFO]     Effect: 0.0229 (0.0070) ***
2026-05-26 18:04:42,311 [INFO]     Effect: -0.0093 (0.0098) 
2026-05-26 18:04:42,311 [INFO]     Effect: 0.0183 (0.0064) ***
2026-05-26 18:04:42,311 [INFO]     Effect: -0.0069 (0.0101) 
2026-05-26 18:04:42,311 [INFO]     Effect: -0.0115 (0.0085) 
2026-05-26 18:04:42,311 [INFO]     Effect: 0.0020 (0.0106) 
2026-05-26 18:04:42,311 [INFO]     Effect: -0.0298 (0.0061) ***
2026-05-26 18:06:43,508 [INFO]     Effect: 0.0060 (0.0110) 
2026-05-26 18:06:43,509 [INFO]     Effect: -0.0090 (0.0213) 
2026-05-26 18:06:43,509 [INFO]     Effect: 0.0027 (0.0129) 
2026-05-26 18:06:43,509 [INFO]     Effect: -0.0001 (0.0149) 
2026-05-26 18:06:43,509 [INFO]     Effect: -0.0010 (0.0116) 
2026-05-26 18:06:43,509 [INFO]     Effect: -0.0216 (0.0167) 
2026-05-26 18:06:43,509 [INFO]     Effect: 0.0252 (0.0120) ***
2026-05-26 18:08:36,367 [INFO]     Effect: 0.0471 (0.0124) ***
2026-05-26 18:08:36,367 [INFO]     Effect: 0.0200 (0.0139) 
2026-05-26 18:08:36,367 [INFO]     Effect: 0.0076 (0.0224) 
2026-05-26 18:08:36,368 [INFO]     Effect: 0.0255 (0.0215) 
2026-05-26 18:08:36,368 [INFO]     Effect: 0.0098 (0.0174) 
2026-05-26 18:08:36,368 [INFO]     Effect: -0.0460 (0.0453) 
2026-05-26 18:08:36,368 [INFO]     Effect: 0.0182 (0.0123) 
2026-05-26 18:10:37,000 [INFO]     Effect: 0.0108 (0.0255) 
2026-05-26 18:10:37,000 [INFO]     Effect: 0.0186 (0.0381) 
2026-05-26 18:10:37,001 [INFO]     Effect: 0.0346 (0.0251) 
2026-05-26 18:10:37,001 [INFO]     Effect: 0.0129 (0.0297) 
2026-05-26 18:10:37,001 [INFO]     Effect: 0.0323 (0.0239) 
2026-05-26 18:10:37,001 [INFO]     Effect: 0.0327 (0.0424) 
2026-05-26 18:10:37,001 [INFO]     Effect: -0.0002 (0.0130) 
2026-05-26 18:10:37,007 [INFO] Results saved to: C:\Users\jadrk\Dropbox\MICS_DDML\Output\results_main.pkl
2026-05-26 18:10:37,022 [INFO] CSV saved to: C:\Users\jadrk\Dropbox\MICS_DDML\Output\results_main.csv
2026-05-26 18:10:37,022 [INFO] ======================================================================
2026-05-26 18:10:37,022 [INFO] SIGNIFICANT EFFECTS SUMMARY — MAIN
2026-05-26 18:10:37,023 [INFO] ======================================================================
2026-05-26 18:10:37,023 [INFO] Significant effects (95% CI excludes zero): 62/105
Outcome                Treatment          Learner          Coef       SE               95% CI       N
SomeRiskHome           treat_boil         enet          -0.0635   0.0071 [-0.0774, -0.0495]   59620
SomeRiskHome           treat_boil         lasso         -0.0679   0.0071 [-0.0818, -0.0540]   59620
SomeRiskHome           treat_boil         ols           -0.0584   0.0059 [-0.0699, -0.0469]   59620
SomeRiskHome           treat_boil         rf            -0.0955   0.0077 [-0.1107, -0.0804]   59620
SomeRiskHome           treat_boil         ridge         -0.0585   0.0061 [-0.0705, -0.0465]   59620
SomeRiskHome           treat_boil         stacked       -0.0939   0.0062 [-0.1060, -0.0817]   59620
SomeRiskHome           treat_boil         xgb           -0.0603   0.0093 [-0.0786, -0.0421]   59620
SomeRiskHome           treat_chlorine     enet           0.1789   0.0150 [ 0.1495,  0.2084]   11075
SomeRiskHome           treat_chlorine     lasso          0.1653   0.0192 [ 0.1278,  0.2029]   11075
SomeRiskHome           treat_chlorine     ols            0.1317   0.0156 [ 0.1019,  0.1624]   11075
SomeRiskHome           treat_chlorine     rf             0.1153   0.0106 [ 0.0938,  0.1362]   11075
SomeRiskHome           treat_chlorine     ridge          0.2149   0.0153 [ 0.1849,  0.2449]   11075
SomeRiskHome           treat_chlorine     stacked        0.1849   0.0124 [ 0.1607,  0.2092]   11075
SomeRiskHome           treat_chlorine     xgb            0.1528   0.0191 [ 0.1159,  0.1903]   11075
SomeRiskHome           treat_filter       enet           0.0605   0.0075 [ 0.0458,  0.0751]   59620
SomeRiskHome           treat_filter       lasso          0.0612   0.0077 [ 0.0461,  0.0763]   59620
SomeRiskHome           treat_filter       ols            0.0449   0.0079 [ 0.0295,  0.0603]   59620
SomeRiskHome           treat_filter       rf             0.0541   0.0094 [ 0.0356,  0.0725]   59620
SomeRiskHome           treat_filter       ridge          0.0450   0.0086 [ 0.0282,  0.0618]   59620
SomeRiskHome           treat_filter       stacked        0.0775   0.0063 [ 0.0651,  0.0898]   59620
SomeRiskHome           treat_filter       xgb            0.0476   0.0103 [ 0.0274,  0.0679]   59620
SomeRiskHome           water_treatment    enet          -0.0581   0.0048 [-0.0675, -0.0488]   59620
SomeRiskHome           water_treatment    lasso         -0.0591   0.0043 [-0.0676, -0.0506]   59620
SomeRiskHome           water_treatment    ols           -0.0526   0.0042 [-0.0608, -0.0444]   59620
SomeRiskHome           water_treatment    rf            -0.0593   0.0055 [-0.0702, -0.0485]   59620
SomeRiskHome           water_treatment    ridge         -0.0525   0.0042 [-0.0608, -0.0443]   59620
SomeRiskHome           water_treatment    stacked       -0.0655   0.0059 [-0.0770, -0.0540]   59620
SomeRiskHome           water_treatment    xgb           -0.0564   0.0074 [-0.0709, -0.0418]   59620
VeryHighRiskHome       treat_boil         enet          -0.0816   0.0058 [-0.0930, -0.0702]   59620
VeryHighRiskHome       treat_boil         lasso         -0.0845   0.0062 [-0.0967, -0.0723]   59620
VeryHighRiskHome       treat_boil         ols           -0.0814   0.0060 [-0.0917, -0.0697]   59620
VeryHighRiskHome       treat_boil         rf            -0.0860   0.0074 [-0.1004, -0.0716]   59620
VeryHighRiskHome       treat_boil         ridge         -0.0827   0.0056 [-0.0936, -0.0717]   59620
VeryHighRiskHome       treat_boil         stacked       -0.0855   0.0055 [-0.0966, -0.0748]   59620
VeryHighRiskHome       treat_boil         xgb           -0.0455   0.0094 [-0.0639, -0.0272]   59620
VeryHighRiskHome       treat_chlorine     enet           0.0739   0.0152 [ 0.0441,  0.1036]   11075
VeryHighRiskHome       treat_chlorine     lasso          0.0721   0.0170 [ 0.0388,  0.1055]   11075
VeryHighRiskHome       treat_chlorine     ols            0.0580   0.0154 [ 0.0277,  0.0882]   11075
VeryHighRiskHome       treat_chlorine     rf             0.0369   0.0103 [ 0.0173,  0.0570]   11075
VeryHighRiskHome       treat_chlorine     stacked        0.0843   0.0141 [ 0.0567,  0.1118]   11075
VeryHighRiskHome       treat_filter       enet           0.0253   0.0095 [ 0.0068,  0.0439]   59620
VeryHighRiskHome       treat_filter       lasso          0.0265   0.0098 [ 0.0072,  0.0457]   59620
VeryHighRiskHome       treat_filter       ols            0.0213   0.0101 [ 0.0015,  0.0410]   59620
VeryHighRiskHome       treat_filter       rf             0.0465   0.0132 [ 0.0208,  0.0723]   59620
VeryHighRiskHome       treat_filter       ridge          0.0200   0.0105 [ 0.0019,  0.0405]   59620
VeryHighRiskHome       treat_filter       xgb            0.0392   0.0146 [ 0.0107,  0.0677]   59620
VeryHighRiskHome       treat_other        rf            -0.0392   0.0123 [-0.0628, -0.0150]   11075
VeryHighRiskHome       treat_other        ridge         -0.0278   0.0142 [-0.0556, -0.0000]   11075
VeryHighRiskHome       treat_other        stacked       -0.0317   0.0097 [-0.0508, -0.0125]   11075
VeryHighRiskHome       treat_other        xgb           -0.0555   0.0211 [-0.0968, -0.0141]   11075
VeryHighRiskHome       water_treatment    enet          -0.0421   0.0048 [-0.0515, -0.0327]   59620
VeryHighRiskHome       water_treatment    lasso         -0.0437   0.0042 [-0.0519, -0.0355]   59620
VeryHighRiskHome       water_treatment    ols           -0.0381   0.0045 [-0.0469, -0.0293]   59620
VeryHighRiskHome       water_treatment    rf            -0.0452   0.0064 [-0.0583, -0.0328]   59620
VeryHighRiskHome       water_treatment    ridge         -0.0377   0.0045 [-0.0465, -0.0289]   59620
VeryHighRiskHome       water_treatment    stacked       -0.0581   0.0052 [-0.0683, -0.0478]   59620
VeryHighRiskHome       water_treatment    xgb           -0.0466   0.0083 [-0.0628, -0.0304]   59620
diarrhea               treat_boil         ols            0.0229   0.0070 [ 0.0090,  0.0367]   36121
diarrhea               treat_boil         ridge          0.0183   0.0064 [ 0.0058,  0.0308]   36121
diarrhea               treat_boil         stacked       -0.0298   0.0061 [-0.0401, -0.0177]   36121
diarrhea               treat_chlorine     stacked        0.0252   0.0120 [ 0.0007,  0.0487]    6329
diarrhea               treat_filter       ols            0.0471   0.0124 [ 0.0228,  0.0714]   36121
2026-05-26 18:10:37,029 [INFO] ======================================================================
2026-05-26 18:10:37,029 [INFO] MAIN ANALYSIS COMPLETE
2026-05-26 18:10:37,029 [INFO] Results saved to: C:\Users\jadrk\Dropbox\MICS_DDML\Output
2026-05-26 18:10:37,029 [INFO] ======================================================================
